-- The C compiler identification is GNU 13.3.0
-- The CXX compiler identification is GNU 13.3.0
-- Detecting C compiler ABI info
-- Detecting C compiler ABI info - done
-- Check for working C compiler: /usr/bin/cc - skipped
-- Detecting C compile features
-- Detecting C compile features - done
-- Detecting CXX compiler ABI info
-- Detecting CXX compiler ABI info - done
-- Check for working CXX compiler: /usr/bin/c++ - skipped
-- Detecting CXX compile features
-- Detecting CXX compile features - done
-- Found ament_cmake: 2.5.4 (/opt/ros/jazzy/share/ament_cmake/cmake)
-- Found Python3: /usr/bin/python3 (found version "3.12.3") found components: Interpreter 
-- Override CMake install command with custom implementation using symlinks instead of copying resources
-- Found ament_index_cpp: 1.8.1 (/opt/ros/jazzy/share/ament_index_cpp/cmake)
-- Found rclcpp: 28.1.10 (/opt/ros/jazzy/share/rclcpp/cmake)
-- Found rosidl_generator_c: 4.6.5 (/opt/ros/jazzy/share/rosidl_generator_c/cmake)
-- Found rosidl_generator_cpp: 4.6.5 (/opt/ros/jazzy/share/rosidl_generator_cpp/cmake)
-- Using all available rosidl_typesupport_c: rosidl_typesupport_fastrtps_c;rosidl_typesupport_introspection_c
-- Using all available rosidl_typesupport_cpp: rosidl_typesupport_fastrtps_cpp;rosidl_typesupport_introspection_cpp
-- Found rmw_implementation_cmake: 7.3.2 (/opt/ros/jazzy/share/rmw_implementation_cmake/cmake)
-- Found rmw_fastrtps_cpp: 8.4.2 (/opt/ros/jazzy/share/rmw_fastrtps_cpp/cmake)
-- Found OpenSSL: /usr/lib/x86_64-linux-gnu/libcrypto.so (found version "3.0.13")  
-- Found FastRTPS: /opt/ros/jazzy/include (Required is at least version "2.13") 
-- Using RMW implementation 'rmw_fastrtps_cpp' as default
-- Found px4_msgs: 2.0.1 (/home/mikks/ros2_px4_ws/install/px4_msgs/share/px4_msgs/cmake)
-- Found eigen3_cmake_module: 0.3.0 (/opt/ros/jazzy/share/eigen3_cmake_module/cmake)
-- Found Eigen3: TRUE (found version "3.4.0") 
-- Found ament_lint_auto: 0.17.2 (/opt/ros/jazzy/share/ament_lint_auto/cmake)
-- Found ament_cmake_gtest: 2.5.4 (/opt/ros/jazzy/share/ament_cmake_gtest/cmake)
-- Found gtest sources under '/opt/ros/jazzy/src/gtest_vendor': C++ tests using 'Google Test' will be built
-- Performing Test CMAKE_HAVE_LIBC_PTHREAD
-- Performing Test CMAKE_HAVE_LIBC_PTHREAD - Success
-- Found Threads: TRUE  
-- Added test 'copyright' to check source files copyright and LICENSE
-- Added test 'cppcheck' to perform static code analysis on C / C++ code
-- Configured cppcheck include dirs: /home/mikks/ros2_px4_ws/src/px4-ros2-interface-lib/px4_ros2_cpp/include
-- Configured cppcheck exclude dirs and/or files: 
-- Added test 'cpplint' to check C / C++ code against the Google style
-- Configured cpplint exclude dirs and/or files: 
-- Added test 'lint_cmake' to check CMake code style
-- Added test 'uncrustify' to check C / C++ code style
-- Configured uncrustify additional arguments: 
-- Added test 'xmllint' to check XML markup files
-- Configuring done (1.8s)
-- Generating done (0.0s)
-- Build files have been written to: /home/mikks/ros2_px4_ws/build/px4_ros2_cpp
[  1%] [32mBuilding CXX object CMakeFiles/unit_utils.dir/test/unit/utils/util.cpp.o[0m
[  2%] [32mBuilding CXX object gtest/CMakeFiles/gtest.dir/src/gtest-all.cc.o[0m
[  4%] [32mBuilding CXX object gtest/CMakeFiles/gtest_main.dir/src/gtest_main.cc.o[0m
[  5%] [34m[1mGenerating px4_all_messages.hpp using empy[0m
[  7%] [32mBuilding CXX object CMakeFiles/integration_utils.dir/test/integration/util.cpp.o[0m
[  7%] Built target generate_px4_header
[  8%] [32mBuilding CXX object CMakeFiles/px4_ros2_cpp.dir/src/components/manual_control_input.cpp.o[0m
[  9%] [32mBuilding CXX object CMakeFiles/px4_ros2_cpp.dir/src/components/health_and_arming_checks.cpp.o[0m
[ 12%] [32mBuilding CXX object CMakeFiles/px4_ros2_cpp.dir/src/components/message_compatibility_check.cpp.o[0m
[ 14%] [32mBuilding CXX object CMakeFiles/px4_ros2_cpp.dir/src/components/mode_executor.cpp.o[0m
[ 16%] [32mBuilding CXX object CMakeFiles/px4_ros2_cpp.dir/src/components/wait_for_fmu.cpp.o[0m
[ 16%] [32mBuilding CXX object CMakeFiles/px4_ros2_cpp.dir/src/components/overrides.cpp.o[0m
[ 16%] [32mBuilding CXX object CMakeFiles/px4_ros2_cpp.dir/src/components/mode.cpp.o[0m
[ 18%] [32mBuilding CXX object CMakeFiles/px4_ros2_cpp.dir/src/components/registration.cpp.o[0m
[ 19%] [32m[1mLinking CXX static library libgtest_main.a[0m
[ 19%] Built target gtest_main
[ 21%] [32mBuilding CXX object CMakeFiles/px4_ros2_cpp.dir/src/control/peripheral_actuators.cpp.o[0m
[ 22%] [32m[1mLinking CXX shared library libunit_utils.so[0m
[ 22%] Built target unit_utils
[ 23%] [32mBuilding CXX object CMakeFiles/px4_ros2_cpp.dir/src/control/setpoint_types/direct_actuators.cpp.o[0m
[ 25%] [32m[1mLinking CXX static library libgtest.a[0m
[ 25%] Built target gtest
[ 26%] [32mBuilding CXX object CMakeFiles/px4_ros2_cpp.dir/src/control/setpoint_types/experimental/attitude.cpp.o[0m
[ 28%] [32mBuilding CXX object CMakeFiles/px4_ros2_cpp.dir/src/control/setpoint_types/experimental/rates.cpp.o[0m
[ 29%] [32m[1mLinking CXX shared library libintegration_utils.so[0m
[ 29%] Built target integration_utils
[ 30%] [32mBuilding CXX object CMakeFiles/px4_ros2_cpp.dir/src/control/vtol.cpp.o[0m
[ 32%] [32mBuilding CXX object CMakeFiles/px4_ros2_cpp.dir/src/mission/actions/default_actions.cpp.o[0m
[ 33%] [32mBuilding CXX object CMakeFiles/px4_ros2_cpp.dir/src/control/setpoint_types/multicopter/goto.cpp.o[0m
[ 35%] [32mBuilding CXX object CMakeFiles/px4_ros2_cpp.dir/src/control/setpoint_types/experimental/rover/throttle_steering.cpp.o[0m
[ 36%] [32mBuilding CXX object CMakeFiles/px4_ros2_cpp.dir/src/control/setpoint_types/experimental/trajectory.cpp.o[0m
[ 38%] [32mBuilding CXX object CMakeFiles/px4_ros2_cpp.dir/src/control/setpoint_types/fixedwing/lateral_longitudinal.cpp.o[0m
[ 40%] [32mBuilding CXX object CMakeFiles/px4_ros2_cpp.dir/src/control/setpoint_types/experimental/rover/throttle_attitude.cpp.o[0m
[ 40%] [32mBuilding CXX object CMakeFiles/px4_ros2_cpp.dir/src/control/setpoint_types/experimental/rover/throttle_rate.cpp.o[0m
[ 42%] [32mBuilding CXX object CMakeFiles/px4_ros2_cpp.dir/src/control/setpoint_types/experimental/rover/speed_steering.cpp.o[0m
[ 43%] [32mBuilding CXX object CMakeFiles/px4_ros2_cpp.dir/src/control/setpoint_types/experimental/rover/speed_rate.cpp.o[0m
[ 45%] [32mBuilding CXX object CMakeFiles/px4_ros2_cpp.dir/src/mission/mission.cpp.o[0m
[ 46%] [32mBuilding CXX object CMakeFiles/px4_ros2_cpp.dir/src/control/setpoint_types/experimental/rover/position.cpp.o[0m
[ 47%] [32mBuilding CXX object CMakeFiles/px4_ros2_cpp.dir/src/control/setpoint_types/experimental/rover/speed_attitude.cpp.o[0m
[ 49%] [32mBuilding CXX object CMakeFiles/px4_ros2_cpp.dir/src/vehicle_state/home_position_setter.cpp.o[0m
[ 50%] [32mBuilding CXX object CMakeFiles/px4_ros2_cpp.dir/src/utils/vehicle_command_sender.cpp.o[0m
[ 52%] [32mBuilding CXX object CMakeFiles/px4_ros2_cpp.dir/src/odometry/local_position.cpp.o[0m
[ 53%] [32mBuilding CXX object CMakeFiles/px4_ros2_cpp.dir/src/utils/geodesic.cpp.o[0m
[ 54%] [32mBuilding CXX object CMakeFiles/px4_ros2_cpp.dir/src/odometry/global_position.cpp.o[0m
[ 56%] [32mBuilding CXX object CMakeFiles/px4_ros2_cpp.dir/src/odometry/attitude.cpp.o[0m
[ 57%] [32mBuilding CXX object CMakeFiles/px4_ros2_cpp.dir/src/odometry/airspeed.cpp.o[0m
[ 60%] [32mBuilding CXX object CMakeFiles/px4_ros2_cpp.dir/src/odometry/odometry.cpp.o[0m
[ 60%] [32mBuilding CXX object CMakeFiles/px4_ros2_cpp.dir/src/odometry/angular_velocity.cpp.o[0m
[ 61%] [32mBuilding CXX object CMakeFiles/px4_ros2_cpp.dir/src/navigation/experimental/global_position_measurement_interface.cpp.o[0m
[ 63%] [32mBuilding CXX object CMakeFiles/px4_ros2_cpp.dir/src/navigation/experimental/local_position_measurement_interface.cpp.o[0m
[ 64%] [32mBuilding CXX object CMakeFiles/px4_ros2_cpp.dir/src/mission/trajectory/multicopter/waypoint_trajectory_executor.cpp.o[0m
[ 66%] [32mBuilding CXX object CMakeFiles/px4_ros2_cpp.dir/src/mission/mission_executor.cpp.o[0m
[ 67%] [32mBuilding CXX object CMakeFiles/px4_ros2_cpp.dir/src/utils/map_projection_impl.cpp.o[0m
[ 69%] [32m[1mLinking CXX shared library libpx4_ros2_cpp.so[0m
[ 69%] Built target px4_ros2_cpp
[ 74%] [32mBuilding CXX object CMakeFiles/integration_tests.dir/test/integration/mission.cpp.o[0m
[ 74%] [32mBuilding CXX object CMakeFiles/integration_tests.dir/test/integration/arming_check.cpp.o[0m
[ 74%] [32mBuilding CXX object CMakeFiles/integration_tests.dir/test/integration/mode_executor.cpp.o[0m
[ 74%] [32mBuilding CXX object CMakeFiles/px4_ros2_cpp_unit_tests.dir/test/unit/local_navigation.cpp.o[0m
[ 77%] [32mBuilding CXX object CMakeFiles/px4_ros2_cpp_unit_tests.dir/test/unit/mission_execution.cpp.o[0m
[ 77%] [32mBuilding CXX object CMakeFiles/px4_ros2_cpp_unit_tests.dir/test/unit/main.cpp.o[0m
[ 78%] [32mBuilding CXX object CMakeFiles/integration_tests.dir/test/integration/home_position_setter.cpp.o[0m
[ 80%] [32mBuilding CXX object CMakeFiles/integration_tests.dir/test/integration/local_navigation.cpp.o[0m
[ 83%] [32mBuilding CXX object CMakeFiles/integration_tests.dir/test/integration/global_navigation.cpp.o[0m
[ 83%] [32mBuilding CXX object CMakeFiles/px4_ros2_cpp_unit_tests.dir/test/unit/global_navigation.cpp.o[0m
[ 84%] [32mBuilding CXX object CMakeFiles/integration_tests.dir/test/integration/overrides.cpp.o[0m
[ 85%] [32mBuilding CXX object CMakeFiles/integration_tests.dir/test/integration/mode.cpp.o[0m
[ 87%] [32mBuilding CXX object CMakeFiles/px4_ros2_cpp_unit_tests.dir/test/unit/modes.cpp.o[0m
[ 88%] [32mBuilding CXX object CMakeFiles/px4_ros2_cpp_unit_tests.dir/test/unit/shared_subscription.cpp.o[0m
[ 90%] [32mBuilding CXX object CMakeFiles/px4_ros2_cpp_unit_tests.dir/test/unit/vehicle_command_sender.cpp.o[0m
[ 91%] [32mBuilding CXX object CMakeFiles/px4_ros2_cpp_unit_tests.dir/test/unit/vtol.cpp.o[0m
[ 92%] [32mBuilding CXX object CMakeFiles/px4_ros2_cpp_unit_tests.dir/test/unit/utils/frame_conversion.cpp.o[0m
[ 94%] [32mBuilding CXX object CMakeFiles/px4_ros2_cpp_unit_tests.dir/test/unit/utils/geodesic.cpp.o[0m
[ 95%] [32mBuilding CXX object CMakeFiles/px4_ros2_cpp_unit_tests.dir/test/unit/utils/geometry.cpp.o[0m
[ 97%] [32mBuilding CXX object CMakeFiles/px4_ros2_cpp_unit_tests.dir/test/unit/utils/map_projection_impl.cpp.o[0m
[ 98%] [32m[1mLinking CXX executable integration_tests[0m
[ 98%] Built target integration_tests
[100%] [32m[1mLinking CXX executable px4_ros2_cpp_unit_tests[0m
[100%] Built target px4_ros2_cpp_unit_tests
-- Install configuration: ""
-- Execute custom install script
-- Symlinking: /home/mikks/ros2_px4_ws/install/px4_ros2_cpp/share/px4_ros2_cpp/environment/library_path.sh
-- Symlinking: /home/mikks/ros2_px4_ws/install/px4_ros2_cpp/share/px4_ros2_cpp/environment/library_path.dsv
-- Symlinking: /home/mikks/ros2_px4_ws/install/px4_ros2_cpp/include/px4_ros2/common/context.hpp
-- Symlinking: /home/mikks/ros2_px4_ws/install/px4_ros2_cpp/include/px4_ros2/common/exception.hpp
-- Symlinking: /home/mikks/ros2_px4_ws/install/px4_ros2_cpp/include/px4_ros2/common/frame.hpp
-- Symlinking: /home/mikks/ros2_px4_ws/install/px4_ros2_cpp/include/px4_ros2/common/requirement_flags.hpp
-- Symlinking: /home/mikks/ros2_px4_ws/install/px4_ros2_cpp/include/px4_ros2/common/setpoint_base.hpp
-- Symlinking: /home/mikks/ros2_px4_ws/install/px4_ros2_cpp/include/px4_ros2/components/events.hpp
-- Symlinking: /home/mikks/ros2_px4_ws/install/px4_ros2_cpp/include/px4_ros2/components/groups.dox
-- Symlinking: /home/mikks/ros2_px4_ws/install/px4_ros2_cpp/include/px4_ros2/components/health_and_arming_checks.hpp
-- Symlinking: /home/mikks/ros2_px4_ws/install/px4_ros2_cpp/include/px4_ros2/components/manual_control_input.hpp
-- Symlinking: /home/mikks/ros2_px4_ws/install/px4_ros2_cpp/include/px4_ros2/components/message_compatibility_check.hpp
-- Symlinking: /home/mikks/ros2_px4_ws/install/px4_ros2_cpp/include/px4_ros2/components/mode.hpp
-- Symlinking: /home/mikks/ros2_px4_ws/install/px4_ros2_cpp/include/px4_ros2/components/mode_executor.hpp
-- Symlinking: /home/mikks/ros2_px4_ws/install/px4_ros2_cpp/include/px4_ros2/components/node_with_mode.hpp
-- Symlinking: /home/mikks/ros2_px4_ws/install/px4_ros2_cpp/include/px4_ros2/components/overrides.hpp
-- Symlinking: /home/mikks/ros2_px4_ws/install/px4_ros2_cpp/include/px4_ros2/components/shared_subscription.hpp
-- Symlinking: /home/mikks/ros2_px4_ws/install/px4_ros2_cpp/include/px4_ros2/components/wait_for_fmu.hpp
-- Symlinking: /home/mikks/ros2_px4_ws/install/px4_ros2_cpp/include/px4_ros2/control/groups.dox
-- Symlinking: /home/mikks/ros2_px4_ws/install/px4_ros2_cpp/include/px4_ros2/control/peripheral_actuators.hpp
-- Symlinking: /home/mikks/ros2_px4_ws/install/px4_ros2_cpp/include/px4_ros2/control/setpoint_types/direct_actuators.hpp
-- Symlinking: /home/mikks/ros2_px4_ws/install/px4_ros2_cpp/include/px4_ros2/control/setpoint_types/experimental/attitude.hpp
-- Symlinking: /home/mikks/ros2_px4_ws/install/px4_ros2_cpp/include/px4_ros2/control/setpoint_types/experimental/rates.hpp
-- Symlinking: /home/mikks/ros2_px4_ws/install/px4_ros2_cpp/include/px4_ros2/control/setpoint_types/experimental/rover/position.hpp
-- Symlinking: /home/mikks/ros2_px4_ws/install/px4_ros2_cpp/include/px4_ros2/control/setpoint_types/experimental/rover/speed_attitude.hpp
-- Symlinking: /home/mikks/ros2_px4_ws/install/px4_ros2_cpp/include/px4_ros2/control/setpoint_types/experimental/rover/speed_rate.hpp
-- Symlinking: /home/mikks/ros2_px4_ws/install/px4_ros2_cpp/include/px4_ros2/control/setpoint_types/experimental/rover/speed_steering.hpp
-- Symlinking: /home/mikks/ros2_px4_ws/install/px4_ros2_cpp/include/px4_ros2/control/setpoint_types/experimental/rover/throttle_attitude.hpp
-- Symlinking: /home/mikks/ros2_px4_ws/install/px4_ros2_cpp/include/px4_ros2/control/setpoint_types/experimental/rover/throttle_rate.hpp
-- Symlinking: /home/mikks/ros2_px4_ws/install/px4_ros2_cpp/include/px4_ros2/control/setpoint_types/experimental/rover/throttle_steering.hpp
-- Symlinking: /home/mikks/ros2_px4_ws/install/px4_ros2_cpp/include/px4_ros2/control/setpoint_types/experimental/trajectory.hpp
-- Symlinking: /home/mikks/ros2_px4_ws/install/px4_ros2_cpp/include/px4_ros2/control/setpoint_types/fixedwing/lateral_longitudinal.hpp
-- Symlinking: /home/mikks/ros2_px4_ws/install/px4_ros2_cpp/include/px4_ros2/control/setpoint_types/groups.dox
-- Symlinking: /home/mikks/ros2_px4_ws/install/px4_ros2_cpp/include/px4_ros2/control/setpoint_types/multicopter/goto.hpp
-- Symlinking: /home/mikks/ros2_px4_ws/install/px4_ros2_cpp/include/px4_ros2/control/vtol.hpp
-- Symlinking: /home/mikks/ros2_px4_ws/install/px4_ros2_cpp/include/px4_ros2/mission/actions/action.hpp
-- Symlinking: /home/mikks/ros2_px4_ws/install/px4_ros2_cpp/include/px4_ros2/mission/actions/default_actions.hpp
-- Symlinking: /home/mikks/ros2_px4_ws/install/px4_ros2_cpp/include/px4_ros2/mission/actions/groups.dox
-- Symlinking: /home/mikks/ros2_px4_ws/install/px4_ros2_cpp/include/px4_ros2/mission/groups.dox
-- Symlinking: /home/mikks/ros2_px4_ws/install/px4_ros2_cpp/include/px4_ros2/mission/mission.hpp
-- Symlinking: /home/mikks/ros2_px4_ws/install/px4_ros2_cpp/include/px4_ros2/mission/mission_executor.hpp
-- Symlinking: /home/mikks/ros2_px4_ws/install/px4_ros2_cpp/include/px4_ros2/mission/trajectory/multicopter/groups.dox
-- Symlinking: /home/mikks/ros2_px4_ws/install/px4_ros2_cpp/include/px4_ros2/mission/trajectory/multicopter/waypoint_trajectory_executor.hpp
-- Symlinking: /home/mikks/ros2_px4_ws/install/px4_ros2_cpp/include/px4_ros2/mission/trajectory/trajectory_executor.hpp
-- Symlinking: /home/mikks/ros2_px4_ws/install/px4_ros2_cpp/include/px4_ros2/navigation/experimental/global_position_measurement_interface.hpp
-- Symlinking: /home/mikks/ros2_px4_ws/install/px4_ros2_cpp/include/px4_ros2/navigation/experimental/local_position_measurement_interface.hpp
-- Symlinking: /home/mikks/ros2_px4_ws/install/px4_ros2_cpp/include/px4_ros2/navigation/experimental/navigation_interface_base.hpp
-- Symlinking: /home/mikks/ros2_px4_ws/install/px4_ros2_cpp/include/px4_ros2/navigation/groups.dox
-- Symlinking: /home/mikks/ros2_px4_ws/install/px4_ros2_cpp/include/px4_ros2/odometry/airspeed.hpp
-- Symlinking: /home/mikks/ros2_px4_ws/install/px4_ros2_cpp/include/px4_ros2/odometry/angular_velocity.hpp
-- Symlinking: /home/mikks/ros2_px4_ws/install/px4_ros2_cpp/include/px4_ros2/odometry/attitude.hpp
-- Symlinking: /home/mikks/ros2_px4_ws/install/px4_ros2_cpp/include/px4_ros2/odometry/global_position.hpp
-- Symlinking: /home/mikks/ros2_px4_ws/install/px4_ros2_cpp/include/px4_ros2/odometry/groups.dox
-- Symlinking: /home/mikks/ros2_px4_ws/install/px4_ros2_cpp/include/px4_ros2/odometry/local_position.hpp
-- Symlinking: /home/mikks/ros2_px4_ws/install/px4_ros2_cpp/include/px4_ros2/odometry/odometry.hpp
-- Symlinking: /home/mikks/ros2_px4_ws/install/px4_ros2_cpp/include/px4_ros2/third_party/nlohmann/json.hpp
-- Symlinking: /home/mikks/ros2_px4_ws/install/px4_ros2_cpp/include/px4_ros2/third_party/nlohmann/json_fwd.hpp
-- Symlinking: /home/mikks/ros2_px4_ws/install/px4_ros2_cpp/include/px4_ros2/utils/frame_conversion.hpp
-- Symlinking: /home/mikks/ros2_px4_ws/install/px4_ros2_cpp/include/px4_ros2/utils/geodesic.hpp
-- Symlinking: /home/mikks/ros2_px4_ws/install/px4_ros2_cpp/include/px4_ros2/utils/geometry.hpp
-- Symlinking: /home/mikks/ros2_px4_ws/install/px4_ros2_cpp/include/px4_ros2/utils/groups.dox
-- Symlinking: /home/mikks/ros2_px4_ws/install/px4_ros2_cpp/include/px4_ros2/utils/message_version.hpp
-- Symlinking: /home/mikks/ros2_px4_ws/install/px4_ros2_cpp/include/px4_ros2/utils/subscription.hpp
-- Symlinking: /home/mikks/ros2_px4_ws/install/px4_ros2_cpp/include/px4_ros2/utils/vehicle_command_sender.hpp
-- Symlinking: /home/mikks/ros2_px4_ws/install/px4_ros2_cpp/include/px4_ros2/utils/visit.hpp
-- Symlinking: /home/mikks/ros2_px4_ws/install/px4_ros2_cpp/include/px4_ros2/vehicle_state/battery.hpp
-- Symlinking: /home/mikks/ros2_px4_ws/install/px4_ros2_cpp/include/px4_ros2/vehicle_state/groups.dox
-- Symlinking: /home/mikks/ros2_px4_ws/install/px4_ros2_cpp/include/px4_ros2/vehicle_state/home_position.hpp
-- Symlinking: /home/mikks/ros2_px4_ws/install/px4_ros2_cpp/include/px4_ros2/vehicle_state/home_position_setter.hpp
-- Symlinking: /home/mikks/ros2_px4_ws/install/px4_ros2_cpp/include/px4_ros2/vehicle_state/land_detected.hpp
-- Symlinking: /home/mikks/ros2_px4_ws/install/px4_ros2_cpp/include/px4_ros2/vehicle_state/vehicle_status.hpp
-- Symlinking: /home/mikks/ros2_px4_ws/install/px4_ros2_cpp/include/px4_ros2/vehicle_state/vtol_status.hpp
-- Symlinking: /home/mikks/ros2_px4_ws/install/px4_ros2_cpp/share/ament_index/resource_index/package_run_dependencies/px4_ros2_cpp
-- Symlinking: /home/mikks/ros2_px4_ws/install/px4_ros2_cpp/share/ament_index/resource_index/parent_prefix_path/px4_ros2_cpp
-- Symlinking: /home/mikks/ros2_px4_ws/install/px4_ros2_cpp/share/px4_ros2_cpp/environment/ament_prefix_path.sh
-- Symlinking: /home/mikks/ros2_px4_ws/install/px4_ros2_cpp/share/px4_ros2_cpp/environment/ament_prefix_path.dsv
-- Symlinking: /home/mikks/ros2_px4_ws/install/px4_ros2_cpp/share/px4_ros2_cpp/environment/path.sh
-- Symlinking: /home/mikks/ros2_px4_ws/install/px4_ros2_cpp/share/px4_ros2_cpp/environment/path.dsv
-- Symlinking: /home/mikks/ros2_px4_ws/install/px4_ros2_cpp/share/px4_ros2_cpp/local_setup.bash
-- Symlinking: /home/mikks/ros2_px4_ws/install/px4_ros2_cpp/share/px4_ros2_cpp/local_setup.sh
-- Symlinking: /home/mikks/ros2_px4_ws/install/px4_ros2_cpp/share/px4_ros2_cpp/local_setup.zsh
-- Symlinking: /home/mikks/ros2_px4_ws/install/px4_ros2_cpp/share/px4_ros2_cpp/local_setup.dsv
-- Symlinking: /home/mikks/ros2_px4_ws/install/px4_ros2_cpp/share/px4_ros2_cpp/package.dsv
-- Symlinking: /home/mikks/ros2_px4_ws/install/px4_ros2_cpp/share/ament_index/resource_index/packages/px4_ros2_cpp
-- Symlinking: /home/mikks/ros2_px4_ws/install/px4_ros2_cpp/share/px4_ros2_cpp/cmake/ament_cmake_export_targets-extras.cmake
-- Symlinking: /home/mikks/ros2_px4_ws/install/px4_ros2_cpp/share/px4_ros2_cpp/cmake/ament_cmake_export_dependencies-extras.cmake
-- Symlinking: /home/mikks/ros2_px4_ws/install/px4_ros2_cpp/share/px4_ros2_cpp/cmake/px4_ros2_cppConfig.cmake
-- Symlinking: /home/mikks/ros2_px4_ws/install/px4_ros2_cpp/share/px4_ros2_cpp/cmake/px4_ros2_cppConfig-version.cmake
-- Symlinking: /home/mikks/ros2_px4_ws/install/px4_ros2_cpp/share/px4_ros2_cpp/package.xml
-- Installing: /home/mikks/ros2_px4_ws/install/px4_ros2_cpp/lib/libpx4_ros2_cpp.so
-- Set non-toolchain portion of runtime path of "/home/mikks/ros2_px4_ws/install/px4_ros2_cpp/lib/libpx4_ros2_cpp.so" to ""
-- Installing: /home/mikks/ros2_px4_ws/install/px4_ros2_cpp/share/px4_ros2_cpp/cmake/px4_ros2_cppExport.cmake
-- Installing: /home/mikks/ros2_px4_ws/install/px4_ros2_cpp/share/px4_ros2_cpp/cmake/px4_ros2_cppExport-noconfig.cmake
