running develop
running egg_info
creating x500_hover_controller.egg-info
writing x500_hover_controller.egg-info/PKG-INFO
writing dependency_links to x500_hover_controller.egg-info/dependency_links.txt
writing entry points to x500_hover_controller.egg-info/entry_points.txt
writing requirements to x500_hover_controller.egg-info/requires.txt
writing top-level names to x500_hover_controller.egg-info/top_level.txt
writing manifest file 'x500_hover_controller.egg-info/SOURCES.txt'
reading manifest file 'x500_hover_controller.egg-info/SOURCES.txt'
writing manifest file 'x500_hover_controller.egg-info/SOURCES.txt'
running build_ext
Creating /home/mikks/ros2_px4_ws/install/x500_hover_controller/lib/python3.12/site-packages/x500-hover-controller.egg-link (link to .)
Installing hover_controller script to /home/mikks/ros2_px4_ws/install/x500_hover_controller/lib/x500_hover_controller

Installed /home/mikks/ros2_px4_ws/build/x500_hover_controller
running symlink_data
creating /home/mikks/ros2_px4_ws/install/x500_hover_controller/share/ament_index
creating /home/mikks/ros2_px4_ws/install/x500_hover_controller/share/ament_index/resource_index
creating /home/mikks/ros2_px4_ws/install/x500_hover_controller/share/ament_index/resource_index/packages
symbolically linking /home/mikks/ros2_px4_ws/build/x500_hover_controller/resource/x500_hover_controller -> /home/mikks/ros2_px4_ws/install/x500_hover_controller/share/ament_index/resource_index/packages
symbolically linking /home/mikks/ros2_px4_ws/build/x500_hover_controller/package.xml -> /home/mikks/ros2_px4_ws/install/x500_hover_controller/share/x500_hover_controller
creating /home/mikks/ros2_px4_ws/install/x500_hover_controller/share/x500_hover_controller/launch
symbolically linking /home/mikks/ros2_px4_ws/build/x500_hover_controller/launch/x500_hover.launch.py -> /home/mikks/ros2_px4_ws/install/x500_hover_controller/share/x500_hover_controller/launch
creating /home/mikks/ros2_px4_ws/install/x500_hover_controller/share/x500_hover_controller/config
symbolically linking /home/mikks/ros2_px4_ws/build/x500_hover_controller/config/controller_params.yaml -> /home/mikks/ros2_px4_ws/install/x500_hover_controller/share/x500_hover_controller/config
